// Jest Snapshot v1, https://goo.gl/fbAQLP

exports[`Probot webhooks responds with the correct error if the PEM file is missing 1`] = `"Your private key (a .pem file or PRIVATE_KEY environment variable) or APP_ID is incorrect. Go to https://github.com/settings/apps/YOUR_APP, verify that APP_ID is set correctly, and generate a new PEM file if necessary."`;

exports[`Probot webhooks responds with the correct error if the jwt could not be decoded 1`] = `"Your private key (a .pem file or PRIVATE_KEY environment variable) or APP_ID is incorrect. Go to https://github.com/settings/apps/YOUR_APP, verify that APP_ID is set correctly, and generate a new PEM file if necessary."`;

exports[`Probot webhooks responds with the correct error if webhook secret does not match 1`] = `"Go to https://github.com/settings/apps/YOUR_APP and verify that the Webhook secret matches the value of the WEBHOOK_SECRET environment variable."`;

exports[`Probot webhooks responds with the correct error if webhook secret is not found 1`] = `"Go to https://github.com/settings/apps/YOUR_APP and verify that the Webhook secret matches the value of the WEBHOOK_SECRET environment variable."`;

exports[`Probot webhooks responds with the correct error if webhook secret is wrong 1`] = `"Go to https://github.com/settings/apps/YOUR_APP and verify that the Webhook secret matches the value of the WEBHOOK_SECRET environment variable."`;
