// Vitest Snapshot v1, https://vitest.dev/guide/snapshot.html

exports[`Server > GET unknown URL > html formatted response > not-found-response 1`] = `
"<!DOCTYPE html>
<html lang="en">
<head>
<meta charset="utf-8">
<title>Error</title>
</head>
<body>
<pre>Cannot GET /notfound</pre>
</body>
</html>
"
`;
