// Vitest Snapshot v1, https://vitest.dev/guide/snapshot.html

exports[`Setup app > GET /probot/import > renders importView 1`] = `
"<!DOCTYPE html>
<html lang="en" class="height-full" data-color-mode="auto" data-light-theme="light" data-dark-theme="dark">

<head>
    <meta charset="UTF-8">
    <meta name="viewport" content="width=device-width, initial-scale=1.0">
    <meta http-equiv="X-UA-Compatible" content="ie=edge">
    <title>Import probot | built with Probot</title>
    <link rel="icon" href="/probot/static/probot-head.png">
    <link rel="stylesheet" href="/probot/static/primer.css">
</head>

<body class="bg-gray-light">
    <div class="d-flex flex-column flex-justify-center flex-items-center text-center height-full py-6">
        <a href="/probot"><img src="/probot/static/robot.svg" alt="Probot Logo" width="100" class="mb-6"></a>
        <div class="box-shadow rounded-2 border p-6 bg-white">
            <h2>Use existing Github App</h2>
            <br>

            <h3>Step 1:</h3>
            <p class="d-block mt-2">
                Replace your app's Webhook URL with <br>
                <b></b>
            </p>
            <a class="d-block mt-2" href="https://github.com/settings/apps" target="__blank" rel="noreferrer">
                You can do it here
            </a>

            <br>
            <h3>Step 2:</h3>
            <p class="mt-2">Fill out this form</p>
            <form onsubmit="return onSubmit(event) || false">
                <label class="d-block mt-2" for="appId">App Id</label>
                <input class="form-control width-full" type="text" required="true" id="appId" name="appId"><br>

                <label class="d-block mt-3" for="whs">Webhook secret (required!)</label>
                <input class="form-control width-full" type="password" required="true" id="whs" name="whs"><br>

                <label class="d-block mt-3" for="pem">Private Key</label>
                <input class="form-control width-full m-2" type="file" accept=".pem" required="true" id="pem"
                    name="pem">
                <br>

                <button class="btn btn-outline m-2" type="submit">Submit</button>
            </form>
        </div>

        <div class="mt-4">
            <h4 class="alt-h4 text-gray-light">Need help?</h4>
            <div class="d-flex flex-justify-center mt-2">
                <a href="https://probot.github.io/docs/" class="btn btn-outline mr-2">Documentation</a>
                <a href="https://github.com/probot/probot/discussions" class="btn btn-outline">Discuss on GitHub</a>
            </div>
        </div>
    </div>
    <script>
        function onSubmit(e) {
            e.preventDefault();

            const idEl = document.getElementById('appId');
            const appId = idEl.value;


            const secretEl = document.getElementById('whs');
            const webhook_secret = secretEl.value;

            const fileEl = document.getElementById('pem');
            const file = fileEl.files[0];

            file.text().then((text) => fetch('', {
                method: 'POST',
                headers: { 'content-type': 'application/json' },
                body: JSON.stringify({ appId, pem: text, webhook_secret })
            })).then((r) => {
                if (r.ok) {
                    location.replace('/probot/success');
                }
            }).catch((e) => alert(e));
            return false;
        }
    </script>
</body>

</html>"
`;

exports[`Setup app > GET /probot/setup > returns a redirect 1`] = `"Found. Redirecting to /apps/my-app/installations/new"`;

exports[`Setup app > GET /probot/setup > returns a redirect 2`] = `
[
  [
    {
      "WEBHOOK_PROXY_URL": "mocked proxy URL",
    },
  ],
  [
    {
      "WEBHOOK_PROXY_URL": "mocked proxy URL",
    },
  ],
  [
    {
      "APP_ID": "id",
      "GITHUB_CLIENT_ID": "Iv1.8a61f9b3a7aba766",
      "GITHUB_CLIENT_SECRET": "1726be1638095a19edd134c77bde3aa2ece1e5d8",
      "PRIVATE_KEY": ""pem"",
      "WEBHOOK_SECRET": "webhook_secret",
    },
  ],
]
`;

exports[`Setup app > GET /probot/setup > throws a 400 Error if code is an empty string 1`] = `"code missing or invalid"`;

exports[`Setup app > GET /probot/setup > throws a 400 Error if code is not provided 1`] = `"code missing or invalid"`;

exports[`Setup app > GET /probot/success > returns a 200 response 1`] = `
"<!DOCTYPE html>
<html lang="en" class="height-full" data-color-mode="auto" data-light-theme="light" data-dark-theme="dark">
  <head>
    <meta charset="UTF-8">
    <meta name="viewport" content="width=device-width, initial-scale=1.0">
    <meta http-equiv="X-UA-Compatible" content="ie=edge">
    <title>Setup probot | built with Probot</title>
    <link rel="icon" href="/probot/static/probot-head.png">
    <link rel="stylesheet" href="/probot/static/primer.css">
  </head>
  <body class="height-full bg-gray-light">
    <div class="d-flex flex-column flex-justify-center flex-items-center text-center height-full">
      <img src="/probot/static/robot.svg" alt="Probot Logo" width="100" class="mb-6">
      <div class="box-shadow rounded-2 border p-6 bg-white">
        <div class="text-center">
          <h1 class="alt-h3 mb-2">Congrats! You have successfully installed your app!
            <br>
            Checkout <a href="https://probot.github.io/docs/webhooks/">Receiving webhooks</a> and <a href="https://probot.github.io/docs/github-api/">Interacting with GitHub</a> to learn more!</h1>
        </div>
      </div>

      <div class="mt-4">
        <h4 class="alt-h4 text-gray-light">Need help?</h4>
        <div class="d-flex flex-justify-center mt-2">
          <a href="https://probot.github.io/docs/" class="btn btn-outline mr-2">Documentation</a>
          <a href="https://github.com/probot/probot/discussions" class="btn btn-outline">Discuss on GitHub</a>
        </div>
      </div>
    </div>
  </body>
</html>"
`;

exports[`Setup app > POST /probot/import > 400 when keys are missing 1`] = `"appId and/or pem and/or webhook_secret missing"`;

exports[`Setup app > POST /probot/import > updates .env 1`] = `
[
  [
    {
      "WEBHOOK_PROXY_URL": "mocked proxy URL",
    },
  ],
  [
    {
      "APP_ID": "foo",
      "PRIVATE_KEY": ""bar"",
      "WEBHOOK_SECRET": "baz",
    },
  ],
]
`;
